
Dell@DESKTOP-MO0ED7J MINGW64 ~/Desktop
$ mkdir test

Dell@DESKTOP-MO0ED7J MINGW64 ~/Desktop
$ cd

Dell@DESKTOP-MO0ED7J MINGW64 ~
$ cd Desktop/

Dell@DESKTOP-MO0ED7J MINGW64 ~/Desktop
$ cd test

Dell@DESKTOP-MO0ED7J MINGW64 ~/Desktop/test
$ touch index.html style.css commands.txt

Dell@DESKTOP-MO0ED7J MINGW64 ~/Desktop/test
$ ls
commands.txt  index.html  style.css

Dell@DESKTOP-MO0ED7J MINGW64 ~/Desktop/test
$ cp index.html index_2.html

Dell@DESKTOP-MO0ED7J MINGW64 ~/Desktop/test
$ ls
commands.txt  index.html  index_2.html  style.css

Dell@DESKTOP-MO0ED7J MINGW64 ~/Desktop/test
$ cd ..

Dell@DESKTOP-MO0ED7J MINGW64 ~/Desktop
$ mkdir destination

Dell@DESKTOP-MO0ED7J MINGW64 ~/Desktop
$ mv .test/index_2.html
mv: missing destination file operand after '.test/index_2.html'
Try 'mv --help' for more information.

Dell@DESKTOP-MO0ED7J MINGW64 ~/Desktop
$ mv .test/index_2.html .destination/index_2.html
mv: cannot stat '.test/index_2.html': No such file or directory

Dell@DESKTOP-MO0ED7J MINGW64 ~/Desktop
$ mv test/index_2.html destination/index_2.html

Dell@DESKTOP-MO0ED7J MINGW64 ~/Desktop
$ cd destination/

Dell@DESKTOP-MO0ED7J MINGW64 ~/Desktop/destination
$ ls
index_2.html

Dell@DESKTOP-MO0ED7J MINGW64 ~/Desktop/destination
$ cd..
bash: cd..: command not found

Dell@DESKTOP-MO0ED7J MINGW64 ~/Desktop/destination
$ cd ..

Dell@DESKTOP-MO0ED7J MINGW64 ~/Desktop
$ cd test

Dell@DESKTOP-MO0ED7J MINGW64 ~/Desktop/test
$ rm style.css

Dell@DESKTOP-MO0ED7J MINGW64 ~/Desktop/test
$ ls
commands.txt  index.html

Dell@DESKTOP-MO0ED7J MINGW64 ~/Desktop/test
$ cd ..

Dell@DESKTOP-MO0ED7J MINGW64 ~/Desktop
$ rm destination/
rm: cannot remove 'destination/': Is a directory

Dell@DESKTOP-MO0ED7J MINGW64 ~/Desktop
$ rm -h
rm: unknown option -- h
Try 'rm --help' for more information.

Dell@DESKTOP-MO0ED7J MINGW64 ~/Desktop
$ rm --help
Usage: rm [OPTION]... [FILE]...
Remove (unlink) the FILE(s).

  -f, --force           ignore nonexistent files and arguments, never prompt
  -i                    prompt before every removal
  -I                    prompt once before removing more than three files, or
                          when removing recursively; less intrusive than -i,
                          while still giving protection against most mistakes
      --interactive[=WHEN]  prompt according to WHEN: never, once (-I), or
                          always (-i); without WHEN, prompt always
      --one-file-system  when removing a hierarchy recursively, skip any
                          directory that is on a file system different from
                          that of the corresponding command line argument
      --no-preserve-root  do not treat '/' specially
      --preserve-root[=all]  do not remove '/' (default);
                              with 'all', reject any command line argument
                              on a separate device from its parent
  -r, -R, --recursive   remove directories and their contents recursively
  -d, --dir             remove empty directories
  -v, --verbose         explain what is being done
      --help     display this help and exit
      --version  output version information and exit

By default, rm does not remove directories.  Use the --recursive (-r or -R)
option to remove each listed directory, too, along with all of its contents.

To remove a file whose name starts with a '-', for example '-foo',
use one of these commands:
  rm -- -foo

  rm ./-foo

Note that if you use rm to remove a file, it might be possible to recover
some of its contents, given sufficient expertise and/or time.  For greater
assurance that the contents are truly unrecoverable, consider using shred.

GNU coreutils online help: <https://www.gnu.org/software/coreutils/>
Report any translation bugs to <https://translationproject.org/team/>
Full documentation <https://www.gnu.org/software/coreutils/rm>
or available locally via: info '(coreutils) rm invocation'

Dell@DESKTOP-MO0ED7J MINGW64 ~/Desktop
$ rm -r destination/

Dell@DESKTOP-MO0ED7J MINGW64 ~/Desktop